// Jest Snapshot v1, https://goo.gl/fbAQLP

exports[`show entity list field mount 1`] = `
<fieldlayout-stub class="ShowEntityListField">
	<entitylist-stub module="show/entity-lists/fieldKey" visible="true" inline="">
		<actionbar-stub ready="true" filters="" class="ShowEntityListField__action-bar">
			<h2 class="ShowEntityListField__label ShowSection__title mb-0">
				label
			</h2>
		</actionbar-stub>
	</entitylist-stub>
</fieldlayout-stub>
`;

exports[`show entity list field mount collapsed 1`] = `
<fieldlayout-stub class="ShowEntityListField ShowEntityListField--collapsed">
	<entitylist-stub module="show/entity-lists/fieldKey" inline="">
		<actionbar-stub ready="true" filters="" collapsed="true" class="ShowEntityListField__action-bar">
			<details>
				<summary>
					<h2 class="ShowEntityListField__label ShowSection__title mb-0 d-inline-block">
						label
					</h2>
				</summary>
			</details>
		</actionbar-stub>
	</entitylist-stub>
</fieldlayout-stub>
`;
