// Jest Snapshot v1, https://goo.gl/fbAQLP

exports[`tags-field can mout Tags field 1`] = `
<div id="app">
	<div tabindex="-1" class="multiselect SharpTags form-select form-control">
		<div class="multiselect__select"></div>
		<div class="multiselect__tags">
			<div class="multiselect__tags-wrap" style="display: none;"></div>
			<!---->
			<div class="multiselect__spinner" style="display: none;"></div>
			<input name="" type="text" autocomplete="off" placeholder="placeholder" tabindex="0" class="multiselect__input" style="width: 0px; position: absolute; padding: 0px;">
			<!---->
			<span class="multiselect__placeholder">
				placeholder
			</span>
		</div>
		<div tabindex="-1" class="multiselect__content-wrapper" style="max-height: 300px; display: none;">
			<ul class="multiselect__content" style="display: inline-block;">
				<!---->
				<li class="multiselect__element">
					<span data-select="" data-selected="" data-deselect="" class="multiselect__option">
						<span>AAA</span>
					</span>
					<!---->
				</li>
				<li class="multiselect__element">
					<span data-select="" data-selected="" data-deselect="" class="multiselect__option">
						<span>BBB</span>
					</span>
					<!---->
				</li>
				<li style="display: none;">
					<span class="multiselect__option">No elements found. Consider changing the search query.</span>
				</li>
				<li style="display: none;">
					<span class="multiselect__option">List is empty.</span>
				</li>
			</ul>
		</div>
	</div>
</div>
`;
