// Jest Snapshot v1, https://goo.gl/fbAQLP

exports[`trix-custom-toolbar can mount TrixCustomToolbar 1`] = `
<div>
	<div>
		<div class="btn-group">
			<button class="btn btn-light" data-trix-attribute="bold">
				<i class="fas fa-bold"></i>
			</button>
			<button class="btn btn-light" data-trix-attribute="italic">
				<i class="fas fa-italic"></i>
			</button>
		</div>
		<div class="btn-group">
			<button class="btn btn-light" data-trix-attribute="href" data-trix-action="link">
				<i class="fas fa-link"></i>
			</button>
		</div>
	</div>
	<div data-trix-dialogs="" class="trix-dialogs">
		<div data-trix-dialog="href" data-trix-dialog-attribute="href" class="trix-dialog trix-dialog--link border-0 shadow">
			<div class="trix-dialog__link-fields">
				<input type="url" name="href" placeholder="{{ form.wysiwyg.dialogs.add_link.input_placeholder }}" required="required" data-trix-input="" class="trix-input trix-input--dialog">
				<div class="trix-button-group">
					<input type="button" value="{{ form.wysiwyg.dialogs.add_link.link_button }}" data-trix-method="setAttribute" class="trix-button trix-button--dialog">
					<input type="button" value="{{ form.wysiwyg.dialogs.add_link.unlink_button }}" data-trix-method="removeAttribute" class="trix-button trix-button--dialog">
				</div>
			</div>
		</div>
	</div>
</div>
`;
