// Jest Snapshot v1, https://goo.gl/fbAQLP

exports[`sharp-form can mount "independant" sharp-form 1`] = `
<div id="app">
    <div class="SharpForm">
        <div role="alert" class="SharpNotification SharpNotification__inline SharpNotification__inline--error" style="display: none;">
            <div class="SharpNotification__details">
                <div class="SharpNotification__text-wrapper">
                    <p class="SharpNotification__title"></p>
                    <p class="SharpNotification__subtitle"></p>
                </div>
            </div>
        </div>
        <div id="MOCKED_TABBED_LAYOUT">
            <div id="MOCKED_GRID">
                <div id="MOCKED_FIELDS_LAYOUT">
                    <div> FIELD DISPLAY MOCK </div>
                </div>
            </div>
        </div>
    </div>
</div>
`;

exports[`sharp-form can mount sharp-form 1`] = `
<div id="app">
    <div class="SharpForm">
        <div role="alert" class="SharpNotification SharpNotification__inline SharpNotification__inline--error" style="display: none;">
            <div class="SharpNotification__details">
                <div class="SharpNotification__text-wrapper">
                    <p class="SharpNotification__title"></p>
                    <p class="SharpNotification__subtitle"></p>
                </div>
            </div>
        </div>
        <div id="MOCKED_TABBED_LAYOUT">
            <div id="MOCKED_GRID">
                <div id="MOCKED_FIELDS_LAYOUT">
                    <div> FIELD DISPLAY MOCK </div>
                </div>
            </div>
        </div>
    </div>
</div>
`;
