// Jest Snapshot v1, https://goo.gl/fbAQLP

exports[`template-component can mount Password field 1`] = `
"
            <div id=\\"app\\"><div><em>Antoine</em></div></div>
        "
`;
