// Jest Snapshot v1, https://goo.gl/fbAQLP

exports[`text-fields can mount Text field 1`] = `
"
            <div id=\\"app\\"><input type=\\"text\\" placeholder=\\"Entrez du texte\\" class=\\"form-control\\"></div>
        "
`;
